// Jest Snapshot v1, https://goo.gl/fbAQLP

exports[`Main component should render it correctly 1`] = `
.c0 {
  height: calc(100vh - 84px);
  background-image: url(http://image-bg.com/example.png);
  background-repeat: no-repeat;
  background-size: cover;
}

.c1 {
  display: -webkit-box;
  display: -webkit-flex;
  display: -ms-flexbox;
  display: flex;
  -webkit-align-items: center;
  -webkit-box-align: center;
  -ms-flex-align: center;
  align-items: center;
  -webkit-box-pack: center;
  -webkit-justify-content: center;
  -ms-flex-pack: center;
  justify-content: center;
  gap: 30px;
  padding: 100px 0;
}

@media only screen and (max-width:480px) {
  .c1 {
    display: -webkit-box;
    display: -webkit-flex;
    display: -ms-flexbox;
    display: flex;
    -webkit-flex-direction: column;
    -ms-flex-direction: column;
    flex-direction: column;
    -webkit-align-items: center;
    -webkit-box-align: center;
    -ms-flex-align: center;
    align-items: center;
    -webkit-box-pack: center;
    -webkit-justify-content: center;
    -ms-flex-pack: center;
    justify-content: center;
    background-color: #222f3e;
  }
}

<main
  class="c0"
>
  <section
    class="c1"
  >
    <h1>
      Main component
    </h1>
  </section>
</main>
`
